// Jest Snapshot v1, https://goo.gl/fbAQLP

exports[`<Card> component renders a heading 1`] = `
<div
  class="css-19ep89c"
  data-genus="Card"
>
  <span>
    Text
  </span>
</div>
`;

exports[`<Card> component renders actions when clicked 1`] = `
<div
  class="css-19ep89c"
  data-genus="Card"
>
  <div
    class="css-aaukym"
  >
    <div
      class="css-1r3m7kt"
      data-genus="Dropdown"
    >
      <button
        class="css-105ttwj"
        title="Open actions"
        type="button"
      >
        <svg
          height="24px"
          viewBox="0 0 24 24"
          width="24px"
        >
          <path
            d="M12,14 C10.8954305,14 10,13.1045695 10,12 C10,10.8954305 10.8954305,10 12,10 C13.1045695,10 14,10.8954305 14,12 C14,13.1045695 13.1045695,14 12,14 Z M19,14 C17.8954305,14 17,13.1045695 17,12 C17,10.8954305 17.8954305,10 19,10 C20.1045695,10 21,10.8954305 21,12 C21,13.1045695 20.1045695,14 19,14 Z M5,14 C3.8954305,14 3,13.1045695 3,12 C3,10.8954305 3.8954305,10 5,10 C6.1045695,10 7,10.8954305 7,12 C7,13.1045695 6.1045695,14 5,14 Z"
          />
        </svg>
        <span>
          Open actions
        </span>
      </button>
      <div
        class="css-8q8itd"
        data-genus="Box"
      >
        <button
          class="css-ms7u4k"
          data-genus="Button"
          type="button"
        >
          X
        </button>
        <button
          class="css-nmwv8r"
        >
          Test
        </button>
      </div>
    </div>
  </div>
  <span>
    Text
  </span>
</div>
`;
